// Jest Snapshot v1, https://goo.gl/fbAQLP

exports[`JButton border is border 1`] = `
VueWrapper {
  "_emitted": Object {},
  "_emittedByOrder": Array [],
  "isFunctionalComponent": undefined,
}
`;

exports[`JButton create click 1`] = `
VueWrapper {
  "_emitted": Object {
    "click": Array [
      Array [
        MouseEvent {
          "isTrusted": false,
        },
      ],
    ],
  },
  "_emittedByOrder": Array [
    Object {
      "args": Array [
        MouseEvent {
          "isTrusted": false,
        },
      ],
      "name": "click",
    },
  ],
  "isFunctionalComponent": undefined,
}
`;

exports[`JButton create create 1`] = `
VueWrapper {
  "_emitted": Object {},
  "_emittedByOrder": Array [],
  "isFunctionalComponent": undefined,
}
`;

exports[`JButton create create icon 1`] = `
VueWrapper {
  "_emitted": Object {},
  "_emittedByOrder": Array [],
  "isFunctionalComponent": undefined,
}
`;

exports[`JButton create create text 1`] = `
VueWrapper {
  "_emitted": Object {},
  "_emittedByOrder": Array [],
  "isFunctionalComponent": undefined,
}
`;

exports[`JButton disabled is disabled 1`] = `
VueWrapper {
  "_emitted": Object {},
  "_emittedByOrder": Array [],
  "isFunctionalComponent": undefined,
}
`;

exports[`JButton round is round 1`] = `
VueWrapper {
  "_emitted": Object {},
  "_emittedByOrder": Array [],
  "isFunctionalComponent": undefined,
}
`;

exports[`JButton size large size 1`] = `
VueWrapper {
  "_emitted": Object {},
  "_emittedByOrder": Array [],
  "isFunctionalComponent": undefined,
}
`;

exports[`JButton size small size 1`] = `
VueWrapper {
  "_emitted": Object {},
  "_emittedByOrder": Array [],
  "isFunctionalComponent": undefined,
}
`;
